<dataset>
    <t_order tracking_id="240eff2f-6c38-4998-9287-2e447dac4fd5"
             status="WAIT_PAYMENT"/>
    <t_order_item tracking_id="240eff2f-6c38-4998-9287-2e447dac4fd5"
                  name="item1"
                  quantity="1"/>
    <t_order_item tracking_id="240eff2f-6c38-4998-9287-2e447dac4fd5"
                  name="item2"
                  quantity="2"/>

    <t_order tracking_id="240eff2f-6c38-4998-9287-2e447dac4fd6"
             status="WAIT_PAYMENT"/>
    <t_order_item tracking_id="240eff2f-6c38-4998-9287-2e447dac4fd6"
                  name="item1"
                  quantity="1"/>
    <t_order_item tracking_id="240eff2f-6c38-4998-9287-2e447dac4fd6"
                  name="item2"
                  quantity="2"/>
</dataset>